// Jest Snapshot v1, https://goo.gl/fbAQLP

exports[`normalize normal response empty model matches snapshot 1`] = `
Object {
  "id": "mock-response-1",
}
`;

exports[`normalize normal response matches snapshot 1`] = `
Object {
  "_childResponses": Array [
    "mock-response-2",
  ],
  "_parentResponse": "mock-response-0",
  "anotherField": 1234,
  "id": "mock-response-1",
  "mockField": "mock value",
}
`;
