// Jest Snapshot v1, https://goo.gl/fbAQLP

exports[`gitLsFilesToTree given some real-world data results in the correct tree data 1`] = `
Object {
  "directories": Object {
    "bin": Object {
      "files": Array [
        Object {
          "name": "bash",
          "path": "bin/bash",
        },
        Object {
          "name": "sh",
          "path": "bin/sh",
        },
      ],
      "path": "bin",
    },
    "usr": Object {
      "directories": Object {
        "local": Object {
          "directories": Object {
            "bin": Object {
              "files": Array [
                Object {
                  "name": "true",
                  "path": "usr/local/bin/true",
                },
                Object {
                  "name": "false",
                  "path": "usr/local/bin/false",
                },
              ],
              "path": "usr/local/bin",
            },
            "sbin": Object {
              "files": Array [
                Object {
                  "name": "rabbitmq-defaults",
                  "path": "usr/local/sbin/rabbitmq-defaults",
                },
                Object {
                  "name": "rabbitmq-env",
                  "path": "usr/local/sbin/rabbitmq-env",
                },
                Object {
                  "name": "rabbitmq-plugins",
                  "path": "usr/local/sbin/rabbitmq-plugins",
                },
                Object {
                  "name": "rabbitmq-server",
                  "path": "usr/local/sbin/rabbitmq-server",
                },
                Object {
                  "name": "rabbitmqadmin",
                  "path": "usr/local/sbin/rabbitmqadmin",
                },
                Object {
                  "name": "rabbitmqctl",
                  "path": "usr/local/sbin/rabbitmqctl",
                },
              ],
              "path": "usr/local/sbin",
            },
          },
          "path": "usr/local",
        },
      },
      "path": "usr",
    },
    "var": Object {
      "directories": Object {
        "log": Object {
          "directories": Object {
            "apache2": Object {
              "files": Array [
                Object {
                  "name": "access.log",
                  "path": "var/log/apache2/access.log",
                },
                Object {
                  "name": "error.log",
                  "path": "var/log/apache2/error.log",
                },
              ],
              "path": "var/log/apache2",
            },
          },
          "path": "var/log",
        },
      },
      "path": "var",
    },
  },
  "files": Array [
    Object {
      "name": "some file 1",
      "path": "some file 1",
    },
    Object {
      "name": "some file 2",
      "path": "some file 2",
    },
    Object {
      "name": "some file 3",
      "path": "some file 3",
    },
  ],
}
`;
