// Jest Snapshot v1, https://goo.gl/fbAQLP

exports[`Home Body matches the snapshot 1`] = `
<div
  class="ui text container"
>
  <div
    class="ui tiny icon warning message"
  >
    <i
      aria-hidden="true"
      class="announcement icon"
    >
      
    </i>
    <div
      class="content"
    >
      <div
        class="header"
      >
        Development preview
      </div>
      You are currently viewing an early development version of the new Ontohub website. It does not yet include much functionality. To use the stable version of Ontohub, please visit 
      <a
        href="https://ontohub.org"
      >
        ontohub.org
      </a>
      .
    </div>
  </div>
</div>
`;

exports[`Home Header matches the snapshot 1`] = `
<div
  class="ui container sc-EHOje bwZcKZ"
>
  <h2
    class="ui inverted header"
  >
    Welcome to Ontohub
  </h2>
  <div
    class="ui large list"
    role="list"
  >
    <div
      class="item"
      role="listitem"
    >
      <i
        aria-hidden="true"
        class="fork icon"
      >
        
      </i>
      <div
        class="content"
      >
        <span
          class="sc-bdVaJa koclZm"
        >
          Open
        </span>
         — based on open source software
      </div>
    </div>
    <div
      class="item"
      role="listitem"
    >
      <i
        aria-hidden="true"
        class="code icon"
      >
        
      </i>
      <div
        class="content"
      >
        <span
          class="sc-bdVaJa koclZm"
        >
          Flexible
        </span>
         — supporting OWL, UML, FOL/TPTP, HOL/THF, and more
      </div>
    </div>
    <div
      class="item"
      role="listitem"
    >
      <i
        aria-hidden="true"
        class="sitemap icon"
      >
        
      </i>
      <div
        class="content"
      >
        <span
          class="sc-bdVaJa koclZm"
        >
          Distributed
        </span>
         — OMS alignments, mappings, networks, combinations using DOL
      </div>
    </div>
  </div>
</div>
`;
