// Jest Snapshot v1, https://goo.gl/fbAQLP

exports[`Header matches the snapshot 1`] = `
.c0 {
  background-color: #000;
  color: !important;
  margin-bottom: 1em;
  margin-top: -100vh;
  padding-top: 100vh;
}

.c1 {
  max-width: 700px;
  margin: auto;
}

<div
  class="c0"
>
  <div
    class="c1"
  >
    Header content
  </div>
</div>
`;
