// Jest Snapshot v1, https://goo.gl/fbAQLP

exports[`GlobalMenu matches the snapshot 1`] = `
<div
  data-css-poy59o=""
>
  <div
    className="ui borderless inverted top fixed menu"
    data-css-k2eqqe=""
  >
    <a
      className="header item"
      href="/"
      onClick={[Function]}
    >
      Ontohub
    </a>
  </div>
</div>
`;
