// Jest Snapshot v1, https://goo.gl/fbAQLP

exports[`SignUpForm matches the snapshot 1`] = `
<Formik
  enableReinitialize={false}
  initialValues={
    Object {
      "confirmPassword": "",
      "email": "",
      "name": "",
      "password": "",
    }
  }
  isInitialValid={false}
  onSubmit={[Function]}
  render={[Function]}
  validate={[Function]}
  validateOnBlur={true}
  validateOnChange={true}
/>
`;
